// Jest Snapshot v1, https://goo.gl/fbAQLP

exports[`Display render result passed in props 1`] = `
<div>
  15
</div>
`;
