// Jest Snapshot v1, https://goo.gl/fbAQLP

exports[`Home should render a welcome message in home header 1`] = `
<h1>
  Welcome to our page
</h1>
`;
